// Jest Snapshot v1, https://goo.gl/fbAQLP

exports[`CashFlowChart Snapshot matches the snapshot with sample cash flows 1`] = `
<View
  style={
    {
      "backgroundColor": "#fff",
      "padding": 16,
    }
  }
>
  <Text
    style={
      {
        "fontSize": 18,
        "fontWeight": "bold",
        "marginBottom": 12,
      }
    }
  >
    Cash Flow Chart
  </Text>
  <Text
    style={
      {
        "color": "#333",
        "fontSize": 14,
        "marginBottom": 4,
      }
    }
  >
    deposit
     – 
    1000
     
    ZAR
  </Text>
  <Text
    style={
      {
        "color": "#333",
        "fontSize": 14,
        "marginBottom": 4,
      }
    }
  >
    withdrawal
     – 
    -500
     
    ZAR
  </Text>
  <Text
    style={
      {
        "color": "#333",
        "fontSize": 14,
        "marginBottom": 4,
      }
    }
  >
    deposit
     – 
    2000
     
    ZAR
  </Text>
</View>
`;
