// Jest Snapshot v1, https://jestjs.io/docs/snapshot-testing

exports[`Dashboard Integration Snapshot matches snapshot with chart data 1`] = `
<View>
  <Text>
    Dashboard
  </Text>
  <View>
    <Text>
      Sentiment Gauge
    </Text>
    <Text>
      No data available
    </Text>
  </View>
  <View>
    <Text>
      Dividend Tracker
    </Text>
    <Text>
      No data available
    </Text>
  </View>
  <View>
    <Text>
      Cash Flow Chart
    </Text>
    <Text>
      No data available
    </Text>
  </View>
</View>
`;
