// Jest Snapshot v1, https://goo.gl/fbAQLP

exports[`PortfolioInput Snapshot matches snapshot with placeholder 1`] = `
<View
  style={
    {
      "marginVertical": 8,
    }
  }
>
  <TextInput
    placeholder="Enter amount"
    style={
      {
        "borderColor": "#ccc",
        "borderRadius": 4,
        "borderWidth": 1,
        "fontSize": 16,
        "padding": 8,
      }
    }
  />
</View>
`;
