// Jest Snapshot v1, https://jestjs.io/docs/snapshot-testing

exports[`SentimentOverlay Snapshot matches the snapshot with sentiment gauges 1`] = `
<View
  style={
    {
      "alignItems": "center",
      "backgroundColor": "rgba(0,0,0,0.3)",
      "bottom": 0,
      "justifyContent": "center",
      "left": 0,
      "position": "absolute",
      "right": 0,
      "top": 0,
    }
  }
>
  <View>
    <Text>
      Sentiment Gauge
    </Text>
    <Text>
      65% Positive
    </Text>
  </View>
</View>
`;
