// Jest Snapshot v1, https://goo.gl/fbAQLP

exports[`SentimentOverlay Snapshot matches the snapshot with sentiment gauges 1`] = `
<View
  style={
    {
      "alignItems": "center",
      "backgroundColor": "rgba(0,0,0,0.3)",
      "bottom": 0,
      "justifyContent": "center",
      "left": 0,
      "position": "absolute",
      "right": 0,
      "top": 0,
    }
  }
>
  <View
    style={
      {
        "backgroundColor": "#fff",
        "padding": 16,
      }
    }
  >
    <Text
      style={
        {
          "fontSize": 18,
          "fontWeight": "bold",
          "marginBottom": 12,
        }
      }
    >
      Sentiment Gauge
    </Text>
    <Text
      style={
        {
          "color": "#333",
          "fontSize": 14,
        }
      }
    >
      65
      % Positive
    </Text>
  </View>
</View>
`;
