// Jest Snapshot v1, https://jestjs.io/docs/snapshot-testing

exports[`Dashboard Stress - Large Dataset renders with large dataset 1`] = `
<View
  style={
    {
      "backgroundColor": "#fff",
      "padding": 16,
    }
  }
>
  <Text
    style={
      {
        "fontSize": 18,
        "fontWeight": "bold",
        "marginBottom": 12,
      }
    }
  >
    Sector Chart
  </Text>
  <Text
    style={
      {
        "color": "#333",
        "fontSize": 14,
        "marginBottom": 4,
      }
    }
  >
    Technology
  </Text>
  <Text
    style={
      {
        "color": "#333",
        "fontSize": 14,
        "marginBottom": 4,
      }
    }
  >
    Finance
  </Text>
  <Text
    style={
      {
        "color": "#333",
        "fontSize": 14,
        "marginBottom": 4,
      }
    }
  >
    Energy
  </Text>
  <Text
    style={
      {
        "color": "#333",
        "fontSize": 14,
        "marginBottom": 4,
      }
    }
  >
    Healthcare
  </Text>
  <Text
    style={
      {
        "color": "#333",
        "fontSize": 14,
        "marginBottom": 4,
      }
    }
  >
    Consumer
  </Text>
  <Text
    style={
      {
        "color": "#333",
        "fontSize": 14,
        "marginBottom": 4,
      }
    }
  >
    Technology
  </Text>
  <Text
    style={
      {
        "color": "#333",
        "fontSize": 14,
        "marginBottom": 4,
      }
    }
  >
    Finance
  </Text>
  <Text
    style={
      {
        "color": "#333",
        "fontSize": 14,
        "marginBottom": 4,
      }
    }
  >
    Energy
  </Text>
  <Text
    style={
      {
        "color": "#333",
        "fontSize": 14,
        "marginBottom": 4,
      }
    }
  >
    Healthcare
  </Text>
  <Text
    style={
      {
        "color": "#333",
        "fontSize": 14,
        "marginBottom": 4,
      }
    }
  >
    Consumer
  </Text>
  <Text
    style={
      {
        "color": "#333",
        "fontSize": 14,
        "marginBottom": 4,
      }
    }
  >
    Technology
  </Text>
  <Text
    style={
      {
        "color": "#333",
        "fontSize": 14,
        "marginBottom": 4,
      }
    }
  >
    Finance
  </Text>
  <Text
    style={
      {
        "color": "#333",
        "fontSize": 14,
        "marginBottom": 4,
      }
    }
  >
    Energy
  </Text>
  <Text
    style={
      {
        "color": "#333",
        "fontSize": 14,
        "marginBottom": 4,
      }
    }
  >
    Healthcare
  </Text>
  <Text
    style={
      {
        "color": "#333",
        "fontSize": 14,
        "marginBottom": 4,
      }
    }
  >
    Consumer
  </Text>
  <Text
    style={
      {
        "color": "#333",
        "fontSize": 14,
        "marginBottom": 4,
      }
    }
  >
    Technology
  </Text>
  <Text
    style={
      {
        "color": "#333",
        "fontSize": 14,
        "marginBottom": 4,
      }
    }
  >
    Finance
  </Text>
  <Text
    style={
      {
        "color": "#333",
        "fontSize": 14,
        "marginBottom": 4,
      }
    }
  >
    Energy
  </Text>
  <Text
    style={
      {
        "color": "#333",
        "fontSize": 14,
        "marginBottom": 4,
      }
    }
  >
    Healthcare
  </Text>
  <Text
    style={
      {
        "color": "#333",
        "fontSize": 14,
        "marginBottom": 4,
      }
    }
  >
    Consumer
  </Text>
  <Text
    style={
      {
        "color": "#333",
        "fontSize": 14,
        "marginBottom": 4,
      }
    }
  >
    Technology
  </Text>
  <Text
    style={
      {
        "color": "#333",
        "fontSize": 14,
        "marginBottom": 4,
      }
    }
  >
    Finance
  </Text>
  <Text
    style={
      {
        "color": "#333",
        "fontSize": 14,
        "marginBottom": 4,
      }
    }
  >
    Energy
  </Text>
  <Text
    style={
      {
        "color": "#333",
        "fontSize": 14,
        "marginBottom": 4,
      }
    }
  >
    Healthcare
  </Text>
  <Text
    style={
      {
        "color": "#333",
        "fontSize": 14,
        "marginBottom": 4,
      }
    }
  >
    Consumer
  </Text>
  <Text
    style={
      {
        "color": "#333",
        "fontSize": 14,
        "marginBottom": 4,
      }
    }
  >
    Technology
  </Text>
  <Text
    style={
      {
        "color": "#333",
        "fontSize": 14,
        "marginBottom": 4,
      }
    }
  >
    Finance
  </Text>
  <Text
    style={
      {
        "color": "#333",
        "fontSize": 14,
        "marginBottom": 4,
      }
    }
  >
    Energy
  </Text>
  <Text
    style={
      {
        "color": "#333",
        "fontSize": 14,
        "marginBottom": 4,
      }
    }
  >
    Healthcare
  </Text>
  <Text
    style={
      {
        "color": "#333",
        "fontSize": 14,
        "marginBottom": 4,
      }
    }
  >
    Consumer
  </Text>
  <Text
    style={
      {
        "color": "#333",
        "fontSize": 14,
        "marginBottom": 4,
      }
    }
  >
    Technology
  </Text>
  <Text
    style={
      {
        "color": "#333",
        "fontSize": 14,
        "marginBottom": 4,
      }
    }
  >
    Finance
  </Text>
  <Text
    style={
      {
        "color": "#333",
        "fontSize": 14,
        "marginBottom": 4,
      }
    }
  >
    Energy
  </Text>
  <Text
    style={
      {
        "color": "#333",
        "fontSize": 14,
        "marginBottom": 4,
      }
    }
  >
    Healthcare
  </Text>
  <Text
    style={
      {
        "color": "#333",
        "fontSize": 14,
        "marginBottom": 4,
      }
    }
  >
    Consumer
  </Text>
  <Text
    style={
      {
        "color": "#333",
        "fontSize": 14,
        "marginBottom": 4,
      }
    }
  >
    Technology
  </Text>
  <Text
    style={
      {
        "color": "#333",
        "fontSize": 14,
        "marginBottom": 4,
      }
    }
  >
    Finance
  </Text>
  <Text
    style={
      {
        "color": "#333",
        "fontSize": 14,
        "marginBottom": 4,
      }
    }
  >
    Energy
  </Text>
  <Text
    style={
      {
        "color": "#333",
        "fontSize": 14,
        "marginBottom": 4,
      }
    }
  >
    Healthcare
  </Text>
  <Text
    style={
      {
        "color": "#333",
        "fontSize": 14,
        "marginBottom": 4,
      }
    }
  >
    Consumer
  </Text>
  <Text
    style={
      {
        "color": "#333",
        "fontSize": 14,
        "marginBottom": 4,
      }
    }
  >
    Technology
  </Text>
  <Text
    style={
      {
        "color": "#333",
        "fontSize": 14,
        "marginBottom": 4,
      }
    }
  >
    Finance
  </Text>
  <Text
    style={
      {
        "color": "#333",
        "fontSize": 14,
        "marginBottom": 4,
      }
    }
  >
    Energy
  </Text>
  <Text
    style={
      {
        "color": "#333",
        "fontSize": 14,
        "marginBottom": 4,
      }
    }
  >
    Healthcare
  </Text>
  <Text
    style={
      {
        "color": "#333",
        "fontSize": 14,
        "marginBottom": 4,
      }
    }
  >
    Consumer
  </Text>
  <Text
    style={
      {
        "color": "#333",
        "fontSize": 14,
        "marginBottom": 4,
      }
    }
  >
    Technology
  </Text>
  <Text
    style={
      {
        "color": "#333",
        "fontSize": 14,
        "marginBottom": 4,
      }
    }
  >
    Finance
  </Text>
  <Text
    style={
      {
        "color": "#333",
        "fontSize": 14,
        "marginBottom": 4,
      }
    }
  >
    Energy
  </Text>
  <Text
    style={
      {
        "color": "#333",
        "fontSize": 14,
        "marginBottom": 4,
      }
    }
  >
    Healthcare
  </Text>
  <Text
    style={
      {
        "color": "#333",
        "fontSize": 14,
        "marginBottom": 4,
      }
    }
  >
    Consumer
  </Text>
  <Text
    style={
      {
        "color": "#333",
        "fontSize": 14,
        "marginBottom": 4,
      }
    }
  >
    Technology
  </Text>
  <Text
    style={
      {
        "color": "#333",
        "fontSize": 14,
        "marginBottom": 4,
      }
    }
  >
    Finance
  </Text>
  <Text
    style={
      {
        "color": "#333",
        "fontSize": 14,
        "marginBottom": 4,
      }
    }
  >
    Energy
  </Text>
  <Text
    style={
      {
        "color": "#333",
        "fontSize": 14,
        "marginBottom": 4,
      }
    }
  >
    Healthcare
  </Text>
  <Text
    style={
      {
        "color": "#333",
        "fontSize": 14,
        "marginBottom": 4,
      }
    }
  >
    Consumer
  </Text>
  <Text
    style={
      {
        "color": "#333",
        "fontSize": 14,
        "marginBottom": 4,
      }
    }
  >
    Technology
  </Text>
  <Text
    style={
      {
        "color": "#333",
        "fontSize": 14,
        "marginBottom": 4,
      }
    }
  >
    Finance
  </Text>
  <Text
    style={
      {
        "color": "#333",
        "fontSize": 14,
        "marginBottom": 4,
      }
    }
  >
    Energy
  </Text>
  <Text
    style={
      {
        "color": "#333",
        "fontSize": 14,
        "marginBottom": 4,
      }
    }
  >
    Healthcare
  </Text>
  <Text
    style={
      {
        "color": "#333",
        "fontSize": 14,
        "marginBottom": 4,
      }
    }
  >
    Consumer
  </Text>
  <Text
    style={
      {
        "color": "#333",
        "fontSize": 14,
        "marginBottom": 4,
      }
    }
  >
    Technology
  </Text>
  <Text
    style={
      {
        "color": "#333",
        "fontSize": 14,
        "marginBottom": 4,
      }
    }
  >
    Finance
  </Text>
  <Text
    style={
      {
        "color": "#333",
        "fontSize": 14,
        "marginBottom": 4,
      }
    }
  >
    Energy
  </Text>
  <Text
    style={
      {
        "color": "#333",
        "fontSize": 14,
        "marginBottom": 4,
      }
    }
  >
    Healthcare
  </Text>
  <Text
    style={
      {
        "color": "#333",
        "fontSize": 14,
        "marginBottom": 4,
      }
    }
  >
    Consumer
  </Text>
  <Text
    style={
      {
        "color": "#333",
        "fontSize": 14,
        "marginBottom": 4,
      }
    }
  >
    Technology
  </Text>
  <Text
    style={
      {
        "color": "#333",
        "fontSize": 14,
        "marginBottom": 4,
      }
    }
  >
    Finance
  </Text>
  <Text
    style={
      {
        "color": "#333",
        "fontSize": 14,
        "marginBottom": 4,
      }
    }
  >
    Energy
  </Text>
  <Text
    style={
      {
        "color": "#333",
        "fontSize": 14,
        "marginBottom": 4,
      }
    }
  >
    Healthcare
  </Text>
  <Text
    style={
      {
        "color": "#333",
        "fontSize": 14,
        "marginBottom": 4,
      }
    }
  >
    Consumer
  </Text>
  <Text
    style={
      {
        "color": "#333",
        "fontSize": 14,
        "marginBottom": 4,
      }
    }
  >
    Technology
  </Text>
  <Text
    style={
      {
        "color": "#333",
        "fontSize": 14,
        "marginBottom": 4,
      }
    }
  >
    Finance
  </Text>
  <Text
    style={
      {
        "color": "#333",
        "fontSize": 14,
        "marginBottom": 4,
      }
    }
  >
    Energy
  </Text>
  <Text
    style={
      {
        "color": "#333",
        "fontSize": 14,
        "marginBottom": 4,
      }
    }
  >
    Healthcare
  </Text>
  <Text
    style={
      {
        "color": "#333",
        "fontSize": 14,
        "marginBottom": 4,
      }
    }
  >
    Consumer
  </Text>
  <Text
    style={
      {
        "color": "#333",
        "fontSize": 14,
        "marginBottom": 4,
      }
    }
  >
    Technology
  </Text>
  <Text
    style={
      {
        "color": "#333",
        "fontSize": 14,
        "marginBottom": 4,
      }
    }
  >
    Finance
  </Text>
  <Text
    style={
      {
        "color": "#333",
        "fontSize": 14,
        "marginBottom": 4,
      }
    }
  >
    Energy
  </Text>
  <Text
    style={
      {
        "color": "#333",
        "fontSize": 14,
        "marginBottom": 4,
      }
    }
  >
    Healthcare
  </Text>
  <Text
    style={
      {
        "color": "#333",
        "fontSize": 14,
        "marginBottom": 4,
      }
    }
  >
    Consumer
  </Text>
  <Text
    style={
      {
        "color": "#333",
        "fontSize": 14,
        "marginBottom": 4,
      }
    }
  >
    Technology
  </Text>
  <Text
    style={
      {
        "color": "#333",
        "fontSize": 14,
        "marginBottom": 4,
      }
    }
  >
    Finance
  </Text>
  <Text
    style={
      {
        "color": "#333",
        "fontSize": 14,
        "marginBottom": 4,
      }
    }
  >
    Energy
  </Text>
  <Text
    style={
      {
        "color": "#333",
        "fontSize": 14,
        "marginBottom": 4,
      }
    }
  >
    Healthcare
  </Text>
  <Text
    style={
      {
        "color": "#333",
        "fontSize": 14,
        "marginBottom": 4,
      }
    }
  >
    Consumer
  </Text>
  <Text
    style={
      {
        "color": "#333",
        "fontSize": 14,
        "marginBottom": 4,
      }
    }
  >
    Technology
  </Text>
  <Text
    style={
      {
        "color": "#333",
        "fontSize": 14,
        "marginBottom": 4,
      }
    }
  >
    Finance
  </Text>
  <Text
    style={
      {
        "color": "#333",
        "fontSize": 14,
        "marginBottom": 4,
      }
    }
  >
    Energy
  </Text>
  <Text
    style={
      {
        "color": "#333",
        "fontSize": 14,
        "marginBottom": 4,
      }
    }
  >
    Healthcare
  </Text>
  <Text
    style={
      {
        "color": "#333",
        "fontSize": 14,
        "marginBottom": 4,
      }
    }
  >
    Consumer
  </Text>
  <Text
    style={
      {
        "color": "#333",
        "fontSize": 14,
        "marginBottom": 4,
      }
    }
  >
    Technology
  </Text>
  <Text
    style={
      {
        "color": "#333",
        "fontSize": 14,
        "marginBottom": 4,
      }
    }
  >
    Finance
  </Text>
  <Text
    style={
      {
        "color": "#333",
        "fontSize": 14,
        "marginBottom": 4,
      }
    }
  >
    Energy
  </Text>
  <Text
    style={
      {
        "color": "#333",
        "fontSize": 14,
        "marginBottom": 4,
      }
    }
  >
    Healthcare
  </Text>
  <Text
    style={
      {
        "color": "#333",
        "fontSize": 14,
        "marginBottom": 4,
      }
    }
  >
    Consumer
  </Text>
  <Text
    style={
      {
        "color": "#333",
        "fontSize": 14,
        "marginBottom": 4,
      }
    }
  >
    Technology
  </Text>
  <Text
    style={
      {
        "color": "#333",
        "fontSize": 14,
        "marginBottom": 4,
      }
    }
  >
    Finance
  </Text>
  <Text
    style={
      {
        "color": "#333",
        "fontSize": 14,
        "marginBottom": 4,
      }
    }
  >
    Energy
  </Text>
  <Text
    style={
      {
        "color": "#333",
        "fontSize": 14,
        "marginBottom": 4,
      }
    }
  >
    Healthcare
  </Text>
  <Text
    style={
      {
        "color": "#333",
        "fontSize": 14,
        "marginBottom": 4,
      }
    }
  >
    Consumer
  </Text>
  <Text
    style={
      {
        "color": "#333",
        "fontSize": 14,
        "marginBottom": 4,
      }
    }
  >
    Technology
  </Text>
  <Text
    style={
      {
        "color": "#333",
        "fontSize": 14,
        "marginBottom": 4,
      }
    }
  >
    Finance
  </Text>
  <Text
    style={
      {
        "color": "#333",
        "fontSize": 14,
        "marginBottom": 4,
      }
    }
  >
    Energy
  </Text>
  <Text
    style={
      {
        "color": "#333",
        "fontSize": 14,
        "marginBottom": 4,
      }
    }
  >
    Healthcare
  </Text>
  <Text
    style={
      {
        "color": "#333",
        "fontSize": 14,
        "marginBottom": 4,
      }
    }
  >
    Consumer
  </Text>
  <Text
    style={
      {
        "color": "#333",
        "fontSize": 14,
        "marginBottom": 4,
      }
    }
  >
    Technology
  </Text>
  <Text
    style={
      {
        "color": "#333",
        "fontSize": 14,
        "marginBottom": 4,
      }
    }
  >
    Finance
  </Text>
  <Text
    style={
      {
        "color": "#333",
        "fontSize": 14,
        "marginBottom": 4,
      }
    }
  >
    Energy
  </Text>
  <Text
    style={
      {
        "color": "#333",
        "fontSize": 14,
        "marginBottom": 4,
      }
    }
  >
    Healthcare
  </Text>
  <Text
    style={
      {
        "color": "#333",
        "fontSize": 14,
        "marginBottom": 4,
      }
    }
  >
    Consumer
  </Text>
  <Text
    style={
      {
        "color": "#333",
        "fontSize": 14,
        "marginBottom": 4,
      }
    }
  >
    Technology
  </Text>
  <Text
    style={
      {
        "color": "#333",
        "fontSize": 14,
        "marginBottom": 4,
      }
    }
  >
    Finance
  </Text>
  <Text
    style={
      {
        "color": "#333",
        "fontSize": 14,
        "marginBottom": 4,
      }
    }
  >
    Energy
  </Text>
  <Text
    style={
      {
        "color": "#333",
        "fontSize": 14,
        "marginBottom": 4,
      }
    }
  >
    Healthcare
  </Text>
  <Text
    style={
      {
        "color": "#333",
        "fontSize": 14,
        "marginBottom": 4,
      }
    }
  >
    Consumer
  </Text>
  <Text
    style={
      {
        "color": "#333",
        "fontSize": 14,
        "marginBottom": 4,
      }
    }
  >
    Technology
  </Text>
  <Text
    style={
      {
        "color": "#333",
        "fontSize": 14,
        "marginBottom": 4,
      }
    }
  >
    Finance
  </Text>
  <Text
    style={
      {
        "color": "#333",
        "fontSize": 14,
        "marginBottom": 4,
      }
    }
  >
    Energy
  </Text>
  <Text
    style={
      {
        "color": "#333",
        "fontSize": 14,
        "marginBottom": 4,
      }
    }
  >
    Healthcare
  </Text>
  <Text
    style={
      {
        "color": "#333",
        "fontSize": 14,
        "marginBottom": 4,
      }
    }
  >
    Consumer
  </Text>
  <Text
    style={
      {
        "color": "#333",
        "fontSize": 14,
        "marginBottom": 4,
      }
    }
  >
    Technology
  </Text>
  <Text
    style={
      {
        "color": "#333",
        "fontSize": 14,
        "marginBottom": 4,
      }
    }
  >
    Finance
  </Text>
  <Text
    style={
      {
        "color": "#333",
        "fontSize": 14,
        "marginBottom": 4,
      }
    }
  >
    Energy
  </Text>
  <Text
    style={
      {
        "color": "#333",
        "fontSize": 14,
        "marginBottom": 4,
      }
    }
  >
    Healthcare
  </Text>
  <Text
    style={
      {
        "color": "#333",
        "fontSize": 14,
        "marginBottom": 4,
      }
    }
  >
    Consumer
  </Text>
  <Text
    style={
      {
        "color": "#333",
        "fontSize": 14,
        "marginBottom": 4,
      }
    }
  >
    Technology
  </Text>
  <Text
    style={
      {
        "color": "#333",
        "fontSize": 14,
        "marginBottom": 4,
      }
    }
  >
    Finance
  </Text>
  <Text
    style={
      {
        "color": "#333",
        "fontSize": 14,
        "marginBottom": 4,
      }
    }
  >
    Energy
  </Text>
  <Text
    style={
      {
        "color": "#333",
        "fontSize": 14,
        "marginBottom": 4,
      }
    }
  >
    Healthcare
  </Text>
  <Text
    style={
      {
        "color": "#333",
        "fontSize": 14,
        "marginBottom": 4,
      }
    }
  >
    Consumer
  </Text>
  <Text
    style={
      {
        "color": "#333",
        "fontSize": 14,
        "marginBottom": 4,
      }
    }
  >
    Technology
  </Text>
  <Text
    style={
      {
        "color": "#333",
        "fontSize": 14,
        "marginBottom": 4,
      }
    }
  >
    Finance
  </Text>
  <Text
    style={
      {
        "color": "#333",
        "fontSize": 14,
        "marginBottom": 4,
      }
    }
  >
    Energy
  </Text>
  <Text
    style={
      {
        "color": "#333",
        "fontSize": 14,
        "marginBottom": 4,
      }
    }
  >
    Healthcare
  </Text>
  <Text
    style={
      {
        "color": "#333",
        "fontSize": 14,
        "marginBottom": 4,
      }
    }
  >
    Consumer
  </Text>
  <Text
    style={
      {
        "color": "#333",
        "fontSize": 14,
        "marginBottom": 4,
      }
    }
  >
    Technology
  </Text>
  <Text
    style={
      {
        "color": "#333",
        "fontSize": 14,
        "marginBottom": 4,
      }
    }
  >
    Finance
  </Text>
  <Text
    style={
      {
        "color": "#333",
        "fontSize": 14,
        "marginBottom": 4,
      }
    }
  >
    Energy
  </Text>
  <Text
    style={
      {
        "color": "#333",
        "fontSize": 14,
        "marginBottom": 4,
      }
    }
  >
    Healthcare
  </Text>
  <Text
    style={
      {
        "color": "#333",
        "fontSize": 14,
        "marginBottom": 4,
      }
    }
  >
    Consumer
  </Text>
  <Text
    style={
      {
        "color": "#333",
        "fontSize": 14,
        "marginBottom": 4,
      }
    }
  >
    Technology
  </Text>
  <Text
    style={
      {
        "color": "#333",
        "fontSize": 14,
        "marginBottom": 4,
      }
    }
  >
    Finance
  </Text>
  <Text
    style={
      {
        "color": "#333",
        "fontSize": 14,
        "marginBottom": 4,
      }
    }
  >
    Energy
  </Text>
  <Text
    style={
      {
        "color": "#333",
        "fontSize": 14,
        "marginBottom": 4,
      }
    }
  >
    Healthcare
  </Text>
  <Text
    style={
      {
        "color": "#333",
        "fontSize": 14,
        "marginBottom": 4,
      }
    }
  >
    Consumer
  </Text>
  <Text
    style={
      {
        "color": "#333",
        "fontSize": 14,
        "marginBottom": 4,
      }
    }
  >
    Technology
  </Text>
  <Text
    style={
      {
        "color": "#333",
        "fontSize": 14,
        "marginBottom": 4,
      }
    }
  >
    Finance
  </Text>
  <Text
    style={
      {
        "color": "#333",
        "fontSize": 14,
        "marginBottom": 4,
      }
    }
  >
    Energy
  </Text>
  <Text
    style={
      {
        "color": "#333",
        "fontSize": 14,
        "marginBottom": 4,
      }
    }
  >
    Healthcare
  </Text>
  <Text
    style={
      {
        "color": "#333",
        "fontSize": 14,
        "marginBottom": 4,
      }
    }
  >
    Consumer
  </Text>
  <Text
    style={
      {
        "color": "#333",
        "fontSize": 14,
        "marginBottom": 4,
      }
    }
  >
    Technology
  </Text>
  <Text
    style={
      {
        "color": "#333",
        "fontSize": 14,
        "marginBottom": 4,
      }
    }
  >
    Finance
  </Text>
  <Text
    style={
      {
        "color": "#333",
        "fontSize": 14,
        "marginBottom": 4,
      }
    }
  >
    Energy
  </Text>
  <Text
    style={
      {
        "color": "#333",
        "fontSize": 14,
        "marginBottom": 4,
      }
    }
  >
    Healthcare
  </Text>
  <Text
    style={
      {
        "color": "#333",
        "fontSize": 14,
        "marginBottom": 4,
      }
    }
  >
    Consumer
  </Text>
  <Text
    style={
      {
        "color": "#333",
        "fontSize": 14,
        "marginBottom": 4,
      }
    }
  >
    Technology
  </Text>
  <Text
    style={
      {
        "color": "#333",
        "fontSize": 14,
        "marginBottom": 4,
      }
    }
  >
    Finance
  </Text>
  <Text
    style={
      {
        "color": "#333",
        "fontSize": 14,
        "marginBottom": 4,
      }
    }
  >
    Energy
  </Text>
  <Text
    style={
      {
        "color": "#333",
        "fontSize": 14,
        "marginBottom": 4,
      }
    }
  >
    Healthcare
  </Text>
  <Text
    style={
      {
        "color": "#333",
        "fontSize": 14,
        "marginBottom": 4,
      }
    }
  >
    Consumer
  </Text>
  <Text
    style={
      {
        "color": "#333",
        "fontSize": 14,
        "marginBottom": 4,
      }
    }
  >
    Technology
  </Text>
  <Text
    style={
      {
        "color": "#333",
        "fontSize": 14,
        "marginBottom": 4,
      }
    }
  >
    Finance
  </Text>
  <Text
    style={
      {
        "color": "#333",
        "fontSize": 14,
        "marginBottom": 4,
      }
    }
  >
    Energy
  </Text>
  <Text
    style={
      {
        "color": "#333",
        "fontSize": 14,
        "marginBottom": 4,
      }
    }
  >
    Healthcare
  </Text>
  <Text
    style={
      {
        "color": "#333",
        "fontSize": 14,
        "marginBottom": 4,
      }
    }
  >
    Consumer
  </Text>
  <Text
    style={
      {
        "color": "#333",
        "fontSize": 14,
        "marginBottom": 4,
      }
    }
  >
    Technology
  </Text>
  <Text
    style={
      {
        "color": "#333",
        "fontSize": 14,
        "marginBottom": 4,
      }
    }
  >
    Finance
  </Text>
  <Text
    style={
      {
        "color": "#333",
        "fontSize": 14,
        "marginBottom": 4,
      }
    }
  >
    Energy
  </Text>
  <Text
    style={
      {
        "color": "#333",
        "fontSize": 14,
        "marginBottom": 4,
      }
    }
  >
    Healthcare
  </Text>
  <Text
    style={
      {
        "color": "#333",
        "fontSize": 14,
        "marginBottom": 4,
      }
    }
  >
    Consumer
  </Text>
  <Text
    style={
      {
        "color": "#333",
        "fontSize": 14,
        "marginBottom": 4,
      }
    }
  >
    Technology
  </Text>
  <Text
    style={
      {
        "color": "#333",
        "fontSize": 14,
        "marginBottom": 4,
      }
    }
  >
    Finance
  </Text>
  <Text
    style={
      {
        "color": "#333",
        "fontSize": 14,
        "marginBottom": 4,
      }
    }
  >
    Energy
  </Text>
  <Text
    style={
      {
        "color": "#333",
        "fontSize": 14,
        "marginBottom": 4,
      }
    }
  >
    Healthcare
  </Text>
  <Text
    style={
      {
        "color": "#333",
        "fontSize": 14,
        "marginBottom": 4,
      }
    }
  >
    Consumer
  </Text>
  <Text
    style={
      {
        "color": "#333",
        "fontSize": 14,
        "marginBottom": 4,
      }
    }
  >
    Technology
  </Text>
  <Text
    style={
      {
        "color": "#333",
        "fontSize": 14,
        "marginBottom": 4,
      }
    }
  >
    Finance
  </Text>
  <Text
    style={
      {
        "color": "#333",
        "fontSize": 14,
        "marginBottom": 4,
      }
    }
  >
    Energy
  </Text>
  <Text
    style={
      {
        "color": "#333",
        "fontSize": 14,
        "marginBottom": 4,
      }
    }
  >
    Healthcare
  </Text>
  <Text
    style={
      {
        "color": "#333",
        "fontSize": 14,
        "marginBottom": 4,
      }
    }
  >
    Consumer
  </Text>
  <Text
    style={
      {
        "color": "#333",
        "fontSize": 14,
        "marginBottom": 4,
      }
    }
  >
    Technology
  </Text>
  <Text
    style={
      {
        "color": "#333",
        "fontSize": 14,
        "marginBottom": 4,
      }
    }
  >
    Finance
  </Text>
  <Text
    style={
      {
        "color": "#333",
        "fontSize": 14,
        "marginBottom": 4,
      }
    }
  >
    Energy
  </Text>
  <Text
    style={
      {
        "color": "#333",
        "fontSize": 14,
        "marginBottom": 4,
      }
    }
  >
    Healthcare
  </Text>
  <Text
    style={
      {
        "color": "#333",
        "fontSize": 14,
        "marginBottom": 4,
      }
    }
  >
    Consumer
  </Text>
  <Text
    style={
      {
        "color": "#333",
        "fontSize": 14,
        "marginBottom": 4,
      }
    }
  >
    Technology
  </Text>
  <Text
    style={
      {
        "color": "#333",
        "fontSize": 14,
        "marginBottom": 4,
      }
    }
  >
    Finance
  </Text>
  <Text
    style={
      {
        "color": "#333",
        "fontSize": 14,
        "marginBottom": 4,
      }
    }
  >
    Energy
  </Text>
  <Text
    style={
      {
        "color": "#333",
        "fontSize": 14,
        "marginBottom": 4,
      }
    }
  >
    Healthcare
  </Text>
  <Text
    style={
      {
        "color": "#333",
        "fontSize": 14,
        "marginBottom": 4,
      }
    }
  >
    Consumer
  </Text>
  <Text
    style={
      {
        "color": "#333",
        "fontSize": 14,
        "marginBottom": 4,
      }
    }
  >
    Technology
  </Text>
  <Text
    style={
      {
        "color": "#333",
        "fontSize": 14,
        "marginBottom": 4,
      }
    }
  >
    Finance
  </Text>
  <Text
    style={
      {
        "color": "#333",
        "fontSize": 14,
        "marginBottom": 4,
      }
    }
  >
    Energy
  </Text>
  <Text
    style={
      {
        "color": "#333",
        "fontSize": 14,
        "marginBottom": 4,
      }
    }
  >
    Healthcare
  </Text>
  <Text
    style={
      {
        "color": "#333",
        "fontSize": 14,
        "marginBottom": 4,
      }
    }
  >
    Consumer
  </Text>
  <Text
    style={
      {
        "color": "#333",
        "fontSize": 14,
        "marginBottom": 4,
      }
    }
  >
    Technology
  </Text>
  <Text
    style={
      {
        "color": "#333",
        "fontSize": 14,
        "marginBottom": 4,
      }
    }
  >
    Finance
  </Text>
  <Text
    style={
      {
        "color": "#333",
        "fontSize": 14,
        "marginBottom": 4,
      }
    }
  >
    Energy
  </Text>
  <Text
    style={
      {
        "color": "#333",
        "fontSize": 14,
        "marginBottom": 4,
      }
    }
  >
    Healthcare
  </Text>
  <Text
    style={
      {
        "color": "#333",
        "fontSize": 14,
        "marginBottom": 4,
      }
    }
  >
    Consumer
  </Text>
</View>
`;
